Traceback (most recent call last):
  File "/tmp/poncho/sessions/0b37e70a-9546-45e1-96ec-5659adc517fd/repo/.venv/bin/detect-secrets", line 10, in <module>
    sys.exit(main())
  File "/tmp/poncho/sessions/0b37e70a-9546-45e1-96ec-5659adc517fd/repo/.venv/lib/python3.10/site-packages/detect_secrets/main.py", line 30, in main
    handle_scan_action(args)
  File "/tmp/poncho/sessions/0b37e70a-9546-45e1-96ec-5659adc517fd/repo/.venv/lib/python3.10/site-packages/detect_secrets/main.py", line 70, in handle_scan_action
    secrets = baseline.create(
  File "/tmp/poncho/sessions/0b37e70a-9546-45e1-96ec-5659adc517fd/repo/.venv/lib/python3.10/site-packages/detect_secrets/core/baseline.py", line 34, in create
    secrets.scan_files(
  File "/tmp/poncho/sessions/0b37e70a-9546-45e1-96ec-5659adc517fd/repo/.venv/lib/python3.10/site-packages/detect_secrets/core/secrets_collection.py", line 63, in scan_files
    with mp.Pool(
  File "/usr/lib/python3.10/multiprocessing/context.py", line 119, in Pool
    return Pool(processes, initializer, initargs, maxtasksperchild,
  File "/usr/lib/python3.10/multiprocessing/pool.py", line 191, in __init__
    self._setup_queues()
  File "/usr/lib/python3.10/multiprocessing/pool.py", line 346, in _setup_queues
    self._inqueue = self._ctx.SimpleQueue()
  File "/usr/lib/python3.10/multiprocessing/context.py", line 113, in SimpleQueue
    return SimpleQueue(ctx=self.get_context())
  File "/usr/lib/python3.10/multiprocessing/queues.py", line 341, in __init__
    self._rlock = ctx.Lock()
  File "/usr/lib/python3.10/multiprocessing/context.py", line 68, in Lock
    return Lock(ctx=self.get_context())
  File "/usr/lib/python3.10/multiprocessing/synchronize.py", line 162, in __init__
    SemLock.__init__(self, SEMAPHORE, 1, 1, ctx=ctx)
  File "/usr/lib/python3.10/multiprocessing/synchronize.py", line 57, in __init__
    sl = self._semlock = _multiprocessing.SemLock(
PermissionError: [Errno 13] Permission denied
